{
  "version": "1.5.0",
  "plugins_used": [
    {
      "name": "ArtifactoryDetector"
    },
    {
      "name": "AWSKeyDetector"
    },
    {
      "name": "AzureStorageKeyDetector"
    },
    {
      "name": "Base64HighEntropyString",
      "limit": 4.5
    },
    {
      "name": "BasicAuthDetector"
    },
    {
      "name": "CloudantDetector"
    },
    {
      "name": "DiscordBotTokenDetector"
    },
    {
      "name": "GitHubTokenDetector"
    },
    {
      "name": "GitLabTokenDetector"
    },
    {
      "name": "HexHighEntropyString",
      "limit": 3.0
    },
    {
      "name": "IbmCloudIamDetector"
    },
    {
      "name": "IbmCosHmacDetector"
    },
    {
      "name": "IPPublicDetector"
    },
    {
      "name": "JwtTokenDetector"
    },
    {
      "name": "KeywordDetector",
      "keyword_exclude": ""
    },
    {
      "name": "MailchimpDetector"
    },
    {
      "name": "NpmDetector"
    },
    {
      "name": "OpenAIDetector"
    },
    {
      "name": "PrivateKeyDetector"
    },
    {
      "name": "PypiTokenDetector"
    },
    {
      "name": "SendGridDetector"
    },
    {
      "name": "SlackDetector"
    },
    {
      "name": "SoftlayerDetector"
    },
    {
      "name": "SquareOAuthDetector"
    },
    {
      "name": "StripeDetector"
    },
    {
      "name": "TelegramBotTokenDetector"
    },
    {
      "name": "TwilioKeyDetector"
    }
  ],
  "filters_used": [
    {
      "path": "detect_secrets.filters.allowlist.is_line_allowlisted"
    },
    {
      "path": "detect_secrets.filters.common.is_ignored_due_to_verification_policies",
      "min_level": 2
    },
    {
      "path": "detect_secrets.filters.heuristic.is_indirect_reference"
    },
    {
      "path": "detect_secrets.filters.heuristic.is_likely_id_string"
    },
    {
      "path": "detect_secrets.filters.heuristic.is_lock_file"
    },
    {
      "path": "detect_secrets.filters.heuristic.is_not_alphanumeric_string"
    },
    {
      "path": "detect_secrets.filters.heuristic.is_potential_uuid"
    },
    {
      "path": "detect_secrets.filters.heuristic.is_prefixed_with_dollar_sign"
    },
    {
      "path": "detect_secrets.filters.heuristic.is_sequential_string"
    },
    {
      "path": "detect_secrets.filters.heuristic.is_swagger_file"
    },
    {
      "path": "detect_secrets.filters.heuristic.is_templated_secret"
    }
  ],
  "results": {
    ".claude/PROD_PRD/agents/01g-new-domain-protocol.md": [
      {
        "type": "Secret Keyword",
        "filename": ".claude/PROD_PRD/agents/01g-new-domain-protocol.md",
        "hashed_secret": "ec3810e10fb78db55ce38b9c18d1c3eb1db739e0",
        "is_verified": false,
        "line_number": 291
      },
      {
        "type": "Secret Keyword",
        "filename": ".claude/PROD_PRD/agents/01g-new-domain-protocol.md",
        "hashed_secret": "a94a8fe5ccb19ba61c4c0873d391e987982fbbd3",
        "is_verified": false,
        "line_number": 447
      }
    ],
    ".claude/PROD_PRD_v2/agents/03a-review-agent.md": [
      {
        "type": "AWS Access Key",
        "filename": ".claude/PROD_PRD_v2/agents/03a-review-agent.md",
        "hashed_secret": "25910f981e85ca04baf359199dd0bd4a3ae738b6",
        "is_verified": false,
        "line_number": 1729
      }
    ],
    ".claude/PROD_PRD_v2/agents/03g-security-scan.md": [
      {
        "type": "Basic Auth Credentials",
        "filename": ".claude/PROD_PRD_v2/agents/03g-security-scan.md",
        "hashed_secret": "9d4e1e23bd5b727046a9e3b4b7db57bd8d6ee684",
        "is_verified": false,
        "line_number": 304
      },
      {
        "type": "Base64 High Entropy String",
        "filename": ".claude/PROD_PRD_v2/agents/03g-security-scan.md",
        "hashed_secret": "e1528ab28b5ab47ea514f383a9894649d9711c11",
        "is_verified": false,
        "line_number": 1034
      },
      {
        "type": "Secret Keyword",
        "filename": ".claude/PROD_PRD_v2/agents/03g-security-scan.md",
        "hashed_secret": "e1528ab28b5ab47ea514f383a9894649d9711c11",
        "is_verified": false,
        "line_number": 1034
      },
      {
        "type": "Base64 High Entropy String",
        "filename": ".claude/PROD_PRD_v2/agents/03g-security-scan.md",
        "hashed_secret": "34cdb4ed2577085716a4d61a77ba5165e70120b8",
        "is_verified": false,
        "line_number": 1035
      },
      {
        "type": "AWS Access Key",
        "filename": ".claude/PROD_PRD_v2/agents/03g-security-scan.md",
        "hashed_secret": "25910f981e85ca04baf359199dd0bd4a3ae738b6",
        "is_verified": false,
        "line_number": 1036
      },
      {
        "type": "Secret Keyword",
        "filename": ".claude/PROD_PRD_v2/agents/03g-security-scan.md",
        "hashed_secret": "f3bbbd66a63d4bf1747940578ec3d0103530e21d",
        "is_verified": false,
        "line_number": 1037
      },
      {
        "type": "Basic Auth Credentials",
        "filename": ".claude/PROD_PRD_v2/agents/03g-security-scan.md",
        "hashed_secret": "fef341f85d87439e7d91a2d465b9871ef66b5e98",
        "is_verified": false,
        "line_number": 1039
      },
      {
        "type": "Base64 High Entropy String",
        "filename": ".claude/PROD_PRD_v2/agents/03g-security-scan.md",
        "hashed_secret": "d0357f8efbdbb1c48b0c1c45781858168ef51aca",
        "is_verified": false,
        "line_number": 1114
      },
      {
        "type": "Secret Keyword",
        "filename": ".claude/PROD_PRD_v2/agents/03g-security-scan.md",
        "hashed_secret": "d0357f8efbdbb1c48b0c1c45781858168ef51aca",
        "is_verified": false,
        "line_number": 1114
      },
      {
        "type": "GitHub Token",
        "filename": ".claude/PROD_PRD_v2/agents/03g-security-scan.md",
        "hashed_secret": "e175c6f5f2a92e8623bd9a4820edb4e8c1b0fd10",
        "is_verified": false,
        "line_number": 1114
      },
      {
        "type": "Secret Keyword",
        "filename": ".claude/PROD_PRD_v2/agents/03g-security-scan.md",
        "hashed_secret": "f865b53623b121fd34ee5426c792e5c33af8c227",
        "is_verified": false,
        "line_number": 1158
      }
    ],
    ".claude/discovery/profile.json": [
      {
        "type": "Base64 High Entropy String",
        "filename": ".claude/discovery/profile.json",
        "hashed_secret": "497b8cefe56926109a90613980cbbb873616b7ce",
        "is_verified": false,
        "line_number": 4147
      },
      {
        "type": "Base64 High Entropy String",
        "filename": ".claude/discovery/profile.json",
        "hashed_secret": "c552934e927a54125631d69cb6f49ffb112c8114",
        "is_verified": false,
        "line_number": 4148
      },
      {
        "type": "Base64 High Entropy String",
        "filename": ".claude/discovery/profile.json",
        "hashed_secret": "5b0e459c70cee95a8b1e013cd2a5d5da04a045af",
        "is_verified": false,
        "line_number": 4149
      },
      {
        "type": "Base64 High Entropy String",
        "filename": ".claude/discovery/profile.json",
        "hashed_secret": "ed80b989f5752af1eb10f4658d144e2e812ca6eb",
        "is_verified": false,
        "line_number": 5842
      },
      {
        "type": "Base64 High Entropy String",
        "filename": ".claude/discovery/profile.json",
        "hashed_secret": "ddcbf078c52c54d5a8440a9c901cc84cd62d09d4",
        "is_verified": false,
        "line_number": 5854
      },
      {
        "type": "Base64 High Entropy String",
        "filename": ".claude/discovery/profile.json",
        "hashed_secret": "3456c40c392cbc6640b5e670734468a91ad851ab",
        "is_verified": false,
        "line_number": 5866
      }
    ],
    ".claude/scripts/scan-security.sh": [
      {
        "type": "Basic Auth Credentials",
        "filename": ".claude/scripts/scan-security.sh",
        "hashed_secret": "9d4e1e23bd5b727046a9e3b4b7db57bd8d6ee684",
        "is_verified": false,
        "line_number": 240
      }
    ]
  },
  "generated_at": "2026-02-15T03:52:30Z"
}
